resources/js/src/bootstrap.ts(4,8): error TS2339: Property 'Pusher' does not exist on type 'Window & typeof globalThis'.
resources/js/src/components/Layouts/Header.tsx(12,40): error TS7016: Could not find a declaration file for module '../../utils/formatNotificationTime'. 'C:/laragon/www/scool-report-engine/resources/js/src/utils/formatNotificationTime.js' implicitly has an 'any' type.
resources/js/src/components/Layouts/Header.tsx(543,81): error TS2552: Cannot find name 'markAsRead'. Did you mean 'markAllRead'?
resources/js/src/components/ui/calendar-date-range-picker.tsx(6,20): error TS2306: File 'C:/laragon/www/scool-report-engine/resources/js/src/utils/cn.ts' is not a module.
resources/js/src/components/ui/calendar-date-range-picker.tsx(57,22): error TS2739: Type '{ initialFocus: true; mode: string; defaultMonth: Date | undefined; selected: DateRange | undefined; onSelect: (date: DateRange | undefined) => void; numberOfMonths: number; className: string; }' is missing the following properties from type '{ [x: string]: any; className: any; classNames: any; showOutsideDays?: boolean | undefined; captionLayout?: string | undefined; buttonVariant?: string | undefined; formatters: any; components: any; }': classNames, formatters, components
resources/js/src/components/ui/calendar.tsx(8,3): error TS7031: Binding element 'className' implicitly has an 'any' type.
resources/js/src/components/ui/calendar.tsx(9,3): error TS7031: Binding element 'classNames' implicitly has an 'any' type.
resources/js/src/components/ui/calendar.tsx(13,3): error TS7031: Binding element 'formatters' implicitly has an 'any' type.
resources/js/src/components/ui/calendar.tsx(14,3): error TS7031: Binding element 'components' implicitly has an 'any' type.
resources/js/src/components/ui/calendar.tsx(27,7): error TS2322: Type 'string' is not assignable to type '"label" | "dropdown" | "dropdown-months" | "dropdown-years" | undefined'.
resources/js/src/components/ui/calendar.tsx(146,30): error TS7031: Binding element 'className' implicitly has an 'any' type.
resources/js/src/components/ui/calendar.tsx(146,41): error TS7031: Binding element 'day' implicitly has an 'any' type.
resources/js/src/components/ui/calendar.tsx(146,46): error TS7031: Binding element 'modifiers' implicitly has an 'any' type.
resources/js/src/components/ui/calendar.tsx(149,41): error TS2339: Property 'focus' does not exist on type 'never'.
resources/js/src/components/ui/custom_quill_editor.tsx(338,24): error TS2540: Cannot assign to 'current' because it is a read-only property.
resources/js/src/components/ui/date-range-picker.tsx(152,56): error TS2345: Argument of type 'Date | undefined' is not assignable to parameter of type 'string | number | Date'.
  Type 'undefined' is not assignable to type 'string | number | Date'.
resources/js/src/components/ui/date-range-picker.tsx(275,18): error TS2739: Type '{ mode: string; selected: DateRange | undefined; onSelect: (range: DateRange | undefined) => void; month: Date | undefined; onMonthChange: Dispatch<SetStateAction<Date | undefined>>; numberOfMonths: number; disabled: (date: any) => boolean; className: string; }' is missing the following properties from type '{ [x: string]: any; className: any; classNames: any; showOutsideDays?: boolean | undefined; captionLayout?: string | undefined; buttonVariant?: string | undefined; formatters: any; components: any; }': classNames, formatters, components
resources/js/src/components/ui/date-range-picker.tsx(282,30): error TS7006: Parameter 'date' implicitly has an 'any' type.
resources/js/src/pages/Admin/PlanSettings.tsx(232,24): error TS7006: Parameter 'prev' implicitly has an 'any' type.
resources/js/src/pages/Admin/SubscriptionManager.tsx(438,25): error TS2322: Type '(page?: number) => Promise<void>' is not assignable to type 'MouseEventHandler<HTMLButtonElement>'.
  Types of parameters 'page' and 'event' are incompatible.
    Type 'MouseEvent<HTMLButtonElement, MouseEvent>' is not assignable to type 'number'.
resources/js/src/pages/Apps/Calendar.tsx(308,33): error TS2339: Property 'Overlay' does not exist on type '_internal_ComponentDialog & { Panel: _internal_ComponentDialogPanel; Title: _internal_ComponentDialogTitle; Description: _internal_ComponentDialogDescription; }'.
resources/js/src/pages/Apps/Invoice/List.tsx(4,20): error TS7016: Could not find a declaration file for module 'lodash/sortBy'. 'C:/laragon/www/scool-report-engine/node_modules/lodash/sortBy.js' implicitly has an 'any' type.
  Try `npm i --save-dev @types/lodash` if it exists or add a new declaration (.d.ts) file containing `declare module 'lodash/sortBy';`
resources/js/src/pages/Apps/Invoice/List.tsx(252,33): error TS2322: Type '({ invoice }: { invoice: any; }) => Element' is not assignable to type '(record: unknown, index: number) => ReactNode'.
  Types of parameters '__0' and 'record' are incompatible.
    Type 'unknown' is not assignable to type '{ invoice: any; }'.
resources/js/src/pages/Apps/Invoice/List.tsx(261,33): error TS2322: Type '({ name, id }: { name: any; id: any; }) => Element' is not assignable to type '(record: unknown, index: number) => ReactNode'.
  Types of parameters '__0' and 'record' are incompatible.
    Type 'unknown' is not assignable to type '{ name: any; id: any; }'.
resources/js/src/pages/Apps/Invoice/List.tsx(282,33): error TS2322: Type '({ amount, id }: { amount: any; id: any; }) => Element' is not assignable to type '(record: unknown, index: number) => ReactNode'.
  Types of parameters '__0' and 'record' are incompatible.
    Type 'unknown' is not assignable to type '{ amount: any; id: any; }'.
resources/js/src/pages/Apps/Invoice/List.tsx(287,33): error TS2322: Type '({ status }: { status: any; }) => Element' is not assignable to type '(record: unknown, index: number) => ReactNode'.
  Types of parameters '__0' and 'record' are incompatible.
    Type 'unknown' is not assignable to type '{ status: any; }'.
resources/js/src/pages/Apps/Invoice/List.tsx(294,33): error TS2322: Type '({ id }: { id: any; }) => Element' is not assignable to type '(record: unknown, index: number) => ReactNode'.
  Types of parameters '__0' and 'record' are incompatible.
    Type 'unknown' is not assignable to type '{ id: any; }'.
resources/js/src/pages/Apps/QRCodeGenerator.tsx(229,43): error TS2345: Argument of type 'Blob | Buffer' is not assignable to parameter of type 'Blob | MediaSource'.
  Type 'Buffer' is not assignable to type 'Blob | MediaSource'.
    Type 'Buffer' is missing the following properties from type 'Blob': size, type, arrayBuffer, stream, text
resources/js/src/pages/Apps/QRCodeList.tsx(1010,79): error TS2769: No overload matches this call.
  Overload 1 of 2, '(props: Props): ReactApexChart', gave the following error.
    Type '{ chart?: undefined; dataLabels?: undefined; stroke?: undefined; xaxis?: undefined; yaxis?: undefined; grid?: undefined; tooltip?: undefined; colors?: undefined; fill?: undefined; } | { chart: { height: number; ... 4 more ...; background: string; }; ... 7 more ...; fill: { ...; }; }' is not assignable to type 'ApexOptions | undefined'.
      Type '{ chart: { height: number; type: string; fontFamily: string; toolbar: { show: boolean; }; zoom: { enabled: boolean; }; background: string; }; dataLabels: { enabled: boolean; }; stroke: { curve: string; width: number; }; ... 5 more ...; fill: { ...; }; }' is not assignable to type 'ApexOptions'.
        The types of 'chart.type' are incompatible between these types.
          Type 'string' is not assignable to type '"area" | "line" | "donut" | "bar" | "pie" | "radialBar" | "scatter" | "bubble" | "heatmap" | "candlestick" | "boxPlot" | "radar" | "polarArea" | "rangeBar" | "rangeArea" | "treemap" | undefined'.
  Overload 2 of 2, '(props: Props, context: any): ReactApexChart', gave the following error.
    Type '{ chart?: undefined; dataLabels?: undefined; stroke?: undefined; xaxis?: undefined; yaxis?: undefined; grid?: undefined; tooltip?: undefined; colors?: undefined; fill?: undefined; } | { chart: { height: number; ... 4 more ...; background: string; }; ... 7 more ...; fill: { ...; }; }' is not assignable to type 'ApexOptions | undefined'.
resources/js/src/pages/Apps/QRCodeList.tsx(1075,41): error TS2345: Argument of type 'Blob | Buffer' is not assignable to parameter of type 'Blob | MediaSource'.
resources/js/src/pages/Apps/QRCodeList.tsx(1085,39): error TS2345: Argument of type 'Blob | Buffer' is not assignable to parameter of type 'Blob | MediaSource'.
resources/js/src/pages/Apps/Report/FacebookReportGenerator.tsx(1063,21): error TS2769: No overload matches this call.
  Overload 1 of 2, '(props: Props): ReactApexChart', gave the following error.
    Type '{ labels: { style: { colors: string; fontSize: string; cssClass: string; }; formatter: (value: number) => string | number; }; }' is not assignable to type 'ApexYAxis | ApexYAxis[] | undefined'.
      The types returned by 'labels.formatter(...)' are incompatible between these types.
        Type 'string | number' is not assignable to type 'string | string[]'.
          Type 'number' is not assignable to type 'string | string[]'.
  Overload 2 of 2, '(props: Props, context: any): ReactApexChart', gave the following error.
    Type '{ labels: { style: { colors: string; fontSize: string; cssClass: string; }; formatter: (value: number) => string | number; }; }' is not assignable to type 'ApexYAxis | ApexYAxis[] | undefined'.
      The types of 'labels.formatter' are incompatible between these types.
        Type '(value: number) => string | number' is not assignable to type '(val: number, opts?: any) => string | string[]'.
resources/js/src/pages/Apps/Report/ReportHistory.tsx(783,69): error TS2345: Argument of type 'string' is not assignable to parameter of type 'SetStateAction<"all" | "tiktok" | "facebook">'.
resources/js/src/pages/Apps/Report/ReportLogDrawer.tsx(22,40): error TS7016: Could not find a declaration file for module '../../../utils/formatNotificationTime'. 'C:/laragon/www/scool-report-engine/resources/js/src/utils/formatNotificationTime.js' implicitly has an 'any' type.
resources/js/src/pages/Apps/Report/ReportLogDrawer.tsx(271,26): error TS2339: Property 'name' does not exist on type 'never'.
resources/js/src/pages/Apps/Report/ReportLogDrawer.tsx(314,80): error TS2339: Property 'name' does not exist on type 'never'.
resources/js/src/pages/Apps/Report/TiktokReportGenerator.tsx(988,21): error TS2769: No overload matches this call.
  Overload 1 of 2, '(props: Props): ReactApexChart', gave the following error.
    Type '{ labels: { style: { colors: string; fontSize: string; cssClass: string; }; formatter: (value: number) => string | number; }; }' is not assignable to type 'ApexYAxis | ApexYAxis[] | undefined'.
      The types returned by 'labels.formatter(...)' are incompatible between these types.
        Type 'string | number' is not assignable to type 'string | string[]'.
  Overload 2 of 2, '(props: Props, context: any): ReactApexChart', gave the following error.
    Type '{ labels: { style: { colors: string; fontSize: string; cssClass: string; }; formatter: (value: number) => string | number; }; }' is not assignable to type 'ApexYAxis | ApexYAxis[] | undefined'.
      The types of 'labels.formatter' are incompatible between these types.
        Type '(value: number) => string | number' is not assignable to type '(val: number, opts?: any) => string | string[]'.
resources/js/src/pages/Apps/Report/TiktokReportGenerator.tsx(1078,20): error TS2304: Cannot find name 'Tippy'.
resources/js/src/pages/Apps/Report/TiktokReportGenerator.tsx(1087,21): error TS2304: Cannot find name 'Tippy'.
resources/js/src/pages/Apps/Report/TiktokReportGenerator.tsx(1165,30): error TS2552: Cannot find name 'IconChevronDown'. Did you mean 'IconChevronUp'?
resources/js/src/pages/ClientPortal/Dashboard.tsx(46,75): error TS2345: Argument of type '{ id: string; desc: boolean; }[]' is not assignable to parameter of type '{ id: string; desc: boolean; } | (() => { id: string; desc: boolean; })'.
resources/js/src/pages/ClientPortal/Dashboard.tsx(60,30): error TS7053: Element implicitly has an 'any' type because expression of type '0' can't be used to index type '{ id: string; desc: boolean; }'.
  Property '0' does not exist on type '{ id: string; desc: boolean; }'.
resources/js/src/pages/ClientPortal/Dashboard.tsx(61,31): error TS7053: Element implicitly has an 'any' type because expression of type '0' can't be used to index type '{ id: string; desc: boolean; }'.
  Property '0' does not exist on type '{ id: string; desc: boolean; }'.
resources/js/src/pages/ClientPortal/Dashboard.tsx(251,56): error TS2345: Argument of type '{ id: string; desc: boolean; }[]' is not assignable to parameter of type 'SetStateAction<{ id: string; desc: boolean; }>'.
resources/js/src/pages/ClientPortal/Dashboard.tsx(251,78): error TS7053: Element implicitly has an 'any' type because expression of type '0' can't be used to index type '{ id: string; desc: boolean; }'.
  Property '0' does not exist on type '{ id: string; desc: boolean; }'.
resources/js/src/pages/ClientPortal/Dashboard.tsx(251,108): error TS7053: Element implicitly has an 'any' type because expression of type '0' can't be used to index type '{ id: string; desc: boolean; }'.
  Property '0' does not exist on type '{ id: string; desc: boolean; }'.
resources/js/src/pages/ClientPortal/Dashboard.tsx(258,54): error TS7053: Element implicitly has an 'any' type because expression of type '0' can't be used to index type '{ id: string; desc: boolean; }'.
  Property '0' does not exist on type '{ id: string; desc: boolean; }'.
resources/js/src/pages/ClientPortal/Dashboard.tsx(259,57): error TS7053: Element implicitly has an 'any' type because expression of type '0' can't be used to index type '{ id: string; desc: boolean; }'.
  Property '0' does not exist on type '{ id: string; desc: boolean; }'.
resources/js/src/pages/Public/PublicLandingPage.tsx(1808,62): error TS2339: Property 'customPrimary' does not exist on type '{ primary: string; secondary: string; accent: string; }'.
resources/js/src/pages/Public/PublicLandingPage.tsx(1809,45): error TS2339: Property 'customPrimary' does not exist on type '{ primary: string; secondary: string; accent: string; }'.
resources/js/src/pages/Settings/WorkspaceRoles.tsx(90,32): error TS2345: Argument of type 'Set<unknown>' is not assignable to parameter of type 'SetStateAction<Set<string>>'.
resources/js/src/pages/Team/ClientManagement.tsx(418,106): error TS2322: Type 'string | boolean' is not assignable to type 'boolean'.
  Type 'string' is not assignable to type 'boolean'.
resources/js/src/pages/Team/TeamManagement.tsx(79,36): error TS2345: Argument of type 'Set<unknown>' is not assignable to parameter of type 'SetStateAction<Set<string>>'.
  Type 'Set<unknown>' is not assignable to type 'Set<string>'.
    Type 'unknown' is not assignable to type 'string'.
resources/js/src/pages/Team/TeamManagement.tsx(658,77): error TS2322: Type 'unknown' is not assignable to type 'Key | null | undefined'.
resources/js/src/pages/Team/TeamManagement.tsx(661,73): error TS2322: Type 'unknown' is not assignable to type 'ReactI18NextChildren | Iterable<ReactI18NextChildren>'.
resources/js/src/utils/cn.ts(1,1): error TS1208: 'cn.ts' cannot be compiled under '--isolatedModules' because it is considered a global script file. Add an import, export, or an empty 'export {}' statement to make it a module.
